[INFO] Scanning for projects...
[INFO] 
[INFO] ----------------------< com.incubyte:sweet-shop >-----------------------
[INFO] Building sweet-shop 1.0.0
[INFO]   from pom.xml
[INFO] --------------------------------[ jar ]---------------------------------
[INFO] 
[INFO] --- clean:3.3.2:clean (default-clean) @ sweet-shop ---
[INFO] Deleting C:\Users\jayde\OneDrive\Desktop\sweet-shop\target
[INFO] 
[INFO] --- resources:3.3.1:resources (default-resources) @ sweet-shop ---
[INFO] Copying 0 resource from src\main\resources to target\classes
[INFO] Copying 3 resources from src\main\resources to target\classes
[INFO] 
[INFO] --- compiler:3.11.0:compile (default-compile) @ sweet-shop ---
[INFO] Changes detected - recompiling the module! :source
[INFO] Compiling 7 source files with javac [debug release 17] to target\classes
[INFO] 
[INFO] --- resources:3.3.1:testResources (default-testResources) @ sweet-shop ---
[INFO] skip non existing resourceDirectory C:\Users\jayde\OneDrive\Desktop\sweet-shop\src\test\resources
[INFO] 
[INFO] --- compiler:3.11.0:testCompile (default-testCompile) @ sweet-shop ---
[INFO] Changes detected - recompiling the module! :dependency
[INFO] Compiling 2 source files with javac [debug release 17] to target\test-classes
[INFO] 
[INFO] --- surefire:3.1.2:test (default-test) @ sweet-shop ---
[INFO] Using auto detected provider org.apache.maven.surefire.junitplatform.JUnitPlatformProvider
[INFO] 
[INFO] -------------------------------------------------------
[INFO]  T E S T S
[INFO] -------------------------------------------------------
[INFO] Running com.incubyte.sweetshop.AppTest
[INFO] Tests run: 1, Failures: 0, Errors: 0, Skipped: 0, Time elapsed: 0.094 s -- in com.incubyte.sweetshop.AppTest
[INFO] Running com.incubyte.sweetshop.service.SweetServiceTest
[INFO] Tests run: 10, Failures: 0, Errors: 0, Skipped: 0, Time elapsed: 0.070 s -- in com.incubyte.sweetshop.service.SweetServiceTest
[INFO] 
[INFO] Results:
[INFO] 
[INFO] Tests run: 11, Failures: 0, Errors: 0, Skipped: 0
[INFO] 
[INFO] ------------------------------------------------------------------------
[INFO] BUILD SUCCESS
[INFO] ------------------------------------------------------------------------
[INFO] Total time:  6.553 s
[INFO] Finished at: 2025-07-17T14:10:29+05:30
[INFO] ------------------------------------------------------------------------
